A51 MACRO ASSEMBLER  INT_EX                                                               01/07/2021 15:13:58 PAGE     1


MACRO ASSEMBLER A51 V8.2.7.0
OBJECT MODULE PLACED IN .\Objects\int_ex.obj
ASSEMBLER INVOKED BY: C:\Keil_v5\C51\BIN\A51.EXE int_ex.a51 SET(SMALL) DEBUG PRINT(.\Listings\int_ex.lst) OBJECT(.\Objec
                      ts\int_ex.obj) EP

LOC  OBJ            LINE     SOURCE

                       1     ; Yazar            : Cengizhan Topcu
                       2     ; Gun              : 06 Ocak 2021                   
                       3     ; Dosya ismi       : int_ex.asm
                       4     ; Donanim          : AduC842
                       5     ; Aciklama         : Timer 0 kesmesi kullanarak, P3.4 pini ile 1 ms periyodunda kare dalga 
                             üretimi
                       6     
                       7     $mod51                                 ; 8051 ON TANIMLAMASI YAPILDI
                       8             
  00B4                 9     LED     EQU     P3.4                  ; P3.4 LED DEGISKENI 
  00D7                10     PLLCON  DATA    0D7H                  ; PLL CONTROL REGISTER ADRESI
  009E                11     T3CON   DATA    09EH                  ; T3CON REGISTER ADRESI
  009D                12     T3FD    DATA    09DH                  ; T3FD REGISTER ADRESI
                      13     ;___________________________________________________________________________
                      14                                                                     ;ANA PROGRAM
----                  15     CSEG
0000                  16              ORG 0000H 
0000 020060           17                 LJMP   MAIN                   ; MAIN KOD
000B                  18              ORG 000BH 
000B 02007A           19                 LJMP   ISR_ITO                ; KESME KODU        
0060                  20              ORG 0060H 
                      21                     
0060                  22     MAIN:
0060 75D700           23                 MOV    PLLCON,#00H            ; ISLEMCI 16.777 MHz AYARLANDI
0063 758901           24                 MOV    TMOD,#01               ; TIMER 0 VE MODE 1 SECILDI
0066 758A9D           25                     MOV    TL0,#9DH               ; TL0'A HESAPLANAN DEGERIN YUKLENMESI
0069 758CBE           26                     MOV    TH0,#0BEH              ; TH0'A HESAPLANAN DEGERIN YUKLENMESI     
                      27                     
006C 7580FF           28                 MOV    P0,#0FFH               ; P0 GIRIS YAPILDI
                      29                     
006F 75A882           30                 MOV    IE,#82H                ; KESME KONFIGÜRASYONLARI AYARLANDI
0072 D288             31                     SETB   IT0                    ; EXTERNAL INTERRUPT PINI AKTIF EDILDI
                      32                     
0074 D28C             33                     SETB   TR0                    ; TIMER 0 IN BASLATILMASI
                      34                     
0076 7464             35                 MOV    A,#100                 
                      36                     
0078 80FE             37     HERE:   SJMP   HERE                   ; BOS DA BEKLIYOR
                      38     
                      39     ;____________________________________________________________________________
                      40                                                                      ;SUBROUTINES              
                                                                                                                           
007A                  41     ISR_ITO:
007A B2B4             42             CPL    LED                    ; TOGGLE ISLEMI
                      43     
007C F9               44                     MOV    R1,A                  ; BEKLEMEYI URETECEK DEGERLERIN YUKLENMESI
007D 7ADB             45     DLY0:   MOV    R2,#0DBH
007F 7BFF             46     DLY1:   MOV    R3,#0FFH
0081 DBFE             47             DJNZ   R3,$                   ; IC ICE DONGULERIN OLUSTURULMASI
0083 D9FA             48                     DJNZ   R1,DLY1
0085 DAF6             49                     DJNZ   R2,DLY0
0087 32               50                     RETI
                      51                     
0088 E580             52     OKUMA: MOV A,P0 
008A F5A0             53            MOV P2,A 
008C 80FA             54            SJMP OKUMA 
                      55     ;___________________________________________________________________________________    
A51 MACRO ASSEMBLER  INT_EX                                                               01/07/2021 15:13:58 PAGE     2

                      56     END 
A51 MACRO ASSEMBLER  INT_EX                                                               01/07/2021 15:13:58 PAGE     3

SYMBOL TABLE LISTING
------ ----- -------


N A M E             T Y P E  V A L U E   ATTRIBUTES

DLY0 . . . . . . .  C ADDR   007DH   A   
DLY1 . . . . . . .  C ADDR   007FH   A   
HERE . . . . . . .  C ADDR   0078H   A   
IE . . . . . . . .  D ADDR   00A8H   A   
ISR_ITO. . . . . .  C ADDR   007AH   A   
IT0. . . . . . . .  B ADDR   0088H.0 A   
LED. . . . . . . .  B ADDR   00B0H.4 A   
MAIN . . . . . . .  C ADDR   0060H   A   
OKUMA. . . . . . .  C ADDR   0088H   A   
P0 . . . . . . . .  D ADDR   0080H   A   
P2 . . . . . . . .  D ADDR   00A0H   A   
P3 . . . . . . . .  D ADDR   00B0H   A   
PLLCON . . . . . .  D ADDR   00D7H   A   
T3CON. . . . . . .  D ADDR   009EH   A   
T3FD . . . . . . .  D ADDR   009DH   A   
TH0. . . . . . . .  D ADDR   008CH   A   
TL0. . . . . . . .  D ADDR   008AH   A   
TMOD . . . . . . .  D ADDR   0089H   A   
TR0. . . . . . . .  B ADDR   0088H.4 A   


REGISTER BANK(S) USED: 0 


ASSEMBLY COMPLETE.  0 WARNING(S), 0 ERROR(S)
