A51 MACRO ASSEMBLER  TIMER                                                                12/15/2020 20:44:05 PAGE     1


MACRO ASSEMBLER A51 V8.2.7.0
OBJECT MODULE PLACED IN .\Objects\timer.obj
ASSEMBLER INVOKED BY: C:\Keil_v5\C51\BIN\A51.EXE timer.a51 SET(SMALL) DEBUG PRINT(.\Listings\timer.lst) OBJECT(.\Objects
                      \timer.obj) EP

LOC  OBJ            LINE     SOURCE

                       1     ; Yazar            : Cengizhan Topcu
                       2     ; Gun              : 15 Aralik 2020                    
                       3     ; Dosya ismi       : timer.asm
                       4     ; Donanim          : AduC842
                       5     ; Aciklama         : P3.4 pininden Timer 1 Mod 2 ile 5KHz freakansina sahip %50 doluluk ora
                             niyla 
                       6     ;                    kare dalga uretimi
                       7     
                       8     $mod51                                 ; 8051 ON TANIMLAMASI YAPILDI
                       9             
  00B4                10     LED     EQU     P3.4                  ; P3.4 LED DEGISKENI
  00D7                11     PLLCON  DATA    0D7H                  ; PLL CONTROL REGISTER ADRESI
                      12             
                      13     ;___________________________________________________________________________________   
                      14                                                                             ;ANA PROGRAM
----                  15     CSEG
0000                  16                 ORG 0000H 
                      17             
0000 75D700           18                 MOV    PLLCON,#00H            ; ISLEMCI 16.777 MHz AYARLANDI 
0003 758914           19                 MOV    TMOD,#20               ; TIMER 1 VE MODE 1 SECILDI
0006 758C6C           20                     MOV    TH0,#6CH               ; TH0 A HESAPLANAN DEGERIN YÜKLENMESI
                      21             
0009                  22     HERE:
0009 B2B4             23                     CPL    LED                    ; TOGGLE ISLEMI >> 2 osc_clock
000B 110F             24                     ACALL  DELAY                  ; TIMER BASLATILMASI >> 3 osc_clock
000D 80FA             25                     SJMP   HERE                   ; SONSUZ DONGUNUN YAPILMASI >> 3 osc_clock
                      26     ;___________________________________________________________________________________
                      27                                                                                     ;SUBROUTINES
000F                  28     DELAY:
000F D28E             29             SETB   TR1                    ; TIMER 1 IN BASLATILMASI >> 2 osc_clock
                      30        
0011                  31     AGAIN:
0011 308DFD           32             JNB    TF0,AGAIN              ; TF0 FLAG TAKIBI >> 4 osc_clock  
0014 C28E             33             CLR    TR1                    ; TIMER 1 FLAG TEMIZLENMESI >> 2 osc_clock       
0016 C28F             34             CLR    TF1                    ; TIMER 1 FLAG TEMIZLENMESI >> 2 osc_clock  
0018 22               35             RET                           ; >> 4 osc_clock 
                      36     ;___________________________________________________________________________________    
                      37     END
A51 MACRO ASSEMBLER  TIMER                                                                12/15/2020 20:44:05 PAGE     2

SYMBOL TABLE LISTING
------ ----- -------


N A M E             T Y P E  V A L U E   ATTRIBUTES

AGAIN. . . . . . .  C ADDR   0011H   A   
DELAY. . . . . . .  C ADDR   000FH   A   
HERE . . . . . . .  C ADDR   0009H   A   
LED. . . . . . . .  B ADDR   00B0H.4 A   
P3 . . . . . . . .  D ADDR   00B0H   A   
PLLCON . . . . . .  D ADDR   00D7H   A   
TF0. . . . . . . .  B ADDR   0088H.5 A   
TF1. . . . . . . .  B ADDR   0088H.7 A   
TH0. . . . . . . .  D ADDR   008CH   A   
TMOD . . . . . . .  D ADDR   0089H   A   
TR1. . . . . . . .  B ADDR   0088H.6 A   


REGISTER BANK(S) USED: 0 


ASSEMBLY COMPLETE.  0 WARNING(S), 0 ERROR(S)
