A51 MACRO ASSEMBLER  UART                                                                 12/27/2020 19:00:07 PAGE     1


MACRO ASSEMBLER A51 V8.2.7.0
OBJECT MODULE PLACED IN .\Objects\uart.obj
ASSEMBLER INVOKED BY: C:\Keil_v5\C51\BIN\A51.EXE uart.a51 SET(SMALL) DEBUG PRINT(.\Listings\uart.lst) OBJECT(.\Objects\u
                      art.obj) EP

LOC  OBJ            LINE     SOURCE

                       1     ; Yazar            : Cengizhan Topcu
                       2     ; Gun              : 27  Aralik 2020                    
                       3     ; Dosya ismi       : uart.asm
                       4     ; Donanim          : AduC842
                       5     ; Aciklama         : Timer 3 ile 9600 baudrate üreterek, aliciya A ile Z arasindaki harfler
                             i gönderen program 
                       6     
                       7     $mod51                                 ; 8051 ON TANIMLAMASI YAPILDI
                       8             
  00D7                 9     PLLCON  DATA    0D7H                  ; PLL CONTROL REGISTER ADRESI
  00AF                10     T3CON   DATA    0AFH                  ; T3CON REGISTER ADRESI
  00B1                11     T3FD    DATA    0B1H                  ; T3FD REGISTER ADRESI
                      12     ;___________________________________________________________________________
                      13                                                                     ;ANA PROGRAM
----                  14     CSEG
0000                  15              ORG 0000H 
0000 75D700           16                 MOV    PLLCON,#00H            ; ISLEMCI 16.777 MHz AYARLANDI 
0003 75AF86           17                 MOV    T3CON,#86H             ; TIMER 3, 9600 BAUD-RATE 
0006 75B12D           18                     MOV    T3FD,#2DH              
0009 759852           19                     MOV    SCON,#52H              ; 9 BIT UART, REN VE TI IZINLERI
                      20     
000C                  21     MAIN:
000C 7441             22                 MOV    A,#41H                 ; A HARFI GONDERILIYOR
000E 1116             23                     ACALL  SEND                   ; GONDERME ISLEMI
                      24                 
0010 04               25     DEVAM:  INC    A                      ; ISLEMIN TEKRARLANMASI SAGLANDI
0011 1116             26                 ACALL  SEND                       ; GONDERME ISLEMI
0013 B45AFA           27                     CJNE   A,#5AH,DEVAM            ; ISLEMIN TEKRARLANMASI SAGLANDI
                      28     ;____________________________________________________________________________
                      29                                                                      ;SUBROUTINES   
0016                  30     SEND:
0016 3099FD           31             JNB   TI,$                    ; GONDERME ISLEMININ BITMESINI BEKLE
0019 C299             32                     CLR   TI                      ; KESME BAYRAGININ TEMIZLENMESI 
001B F599             33                     MOV   SBUF,A                  ; VERININ SBUF'DAN GONDERILMESI
001D 1120             34                     ACALL DELAY                   ; 10ms BEKLEMENIN OLUSTURULMASI
001F 22               35                     RET 
                      36     
0020                  37     DELAY:                                ; 10ms BEKLEMENIN ÜRETILMESI
                      38                             
0020 7D01             39                     MOV   R5,#1                   ; 10ms BEKLEMEYI URETECEK DEGERLERIN YUKLENME
                             SI
0022 7E1B             40     DLY0:   MOV   R6,#01BH
0024 7FFF             41     DLY1:   MOV   R7,#0FFH
0026 DFFE             42             DJNZ  R7,$                    ; IC ICE DONGULERIN OLUSTURULMASI
0028 DEFA             43                     DJNZ  R6,DLY1
002A DDF6             44                     DJNZ  R5,DLY0
002C 22               45                     RET
                      46     ;___________________________________________________________________________________    
                      47     END 
A51 MACRO ASSEMBLER  UART                                                                 12/27/2020 19:00:07 PAGE     2

SYMBOL TABLE LISTING
------ ----- -------


N A M E             T Y P E  V A L U E   ATTRIBUTES

DELAY. . . . . . .  C ADDR   0020H   A   
DEVAM. . . . . . .  C ADDR   0010H   A   
DLY0 . . . . . . .  C ADDR   0022H   A   
DLY1 . . . . . . .  C ADDR   0024H   A   
MAIN . . . . . . .  C ADDR   000CH   A   
PLLCON . . . . . .  D ADDR   00D7H   A   
SBUF . . . . . . .  D ADDR   0099H   A   
SCON . . . . . . .  D ADDR   0098H   A   
SEND . . . . . . .  C ADDR   0016H   A   
T3CON. . . . . . .  D ADDR   00AFH   A   
T3FD . . . . . . .  D ADDR   00B1H   A   
TI . . . . . . . .  B ADDR   0098H.1 A   


REGISTER BANK(S) USED: 0 


ASSEMBLY COMPLETE.  0 WARNING(S), 0 ERROR(S)
